// Jest Snapshot v1, https://goo.gl/fbAQLP

exports[`TvMenu should matches snapshot 1`] = `
<header class="tv-menu-container">
  <nav class="tv-menu-image tv-cursor-pointer"><img src="image.jpg" alt="Logo"></nav>
  <section class="tv-menu-items">
    <ul>
      <li class="tv-menu-item tv-cursor-pointer">Home</li>
    </ul>
    <ul>
      <li class="tv-menu-item tv-cursor-pointer">About</li>
    </ul>
    <ul>
      <li class="tv-menu-item tv-cursor-pointer">Blog</li>
    </ul><i class="tv-icon tv-menu-icon tv-cursor-pointer"></i>
    <tv-search-stub placeholder="" titlebutton="" results=""></tv-search-stub>
    <!--v-if-->
  </section>
</header>
`;
